------------------------------------------------------------
Timing Analyzer Summary
------------------------------------------------------------

Type  : Slow 1100mV 85C Model Setup 'clk'
Slack : -1.153
TNS   : -5.953

Type  : Slow 1100mV 85C Model Hold 'clk'
Slack : 0.602
TNS   : 0.000

Type  : Slow 1100mV 85C Model Minimum Pulse Width 'clk'
Slack : -0.394
TNS   : -3.178

Type  : Slow 1100mV 0C Model Setup 'clk'
Slack : -1.140
TNS   : -6.099

Type  : Slow 1100mV 0C Model Hold 'clk'
Slack : 0.596
TNS   : 0.000

Type  : Slow 1100mV 0C Model Minimum Pulse Width 'clk'
Slack : -0.394
TNS   : -3.421

Type  : Fast 1100mV 85C Model Setup 'clk'
Slack : -0.214
TNS   : -0.807

Type  : Fast 1100mV 85C Model Hold 'clk'
Slack : 0.327
TNS   : 0.000

Type  : Fast 1100mV 85C Model Minimum Pulse Width 'clk'
Slack : -0.089
TNS   : -0.528

Type  : Fast 1100mV 0C Model Setup 'clk'
Slack : -0.138
TNS   : -0.423

Type  : Fast 1100mV 0C Model Hold 'clk'
Slack : 0.307
TNS   : 0.000

Type  : Fast 1100mV 0C Model Minimum Pulse Width 'clk'
Slack : -0.086
TNS   : -0.512

------------------------------------------------------------
